In cycle 619: Number Overflow
In cycle 622: Number Overflow
In cycle 625: Number Overflow
In cycle 626: Number Overflow
In cycle 634: Number Overflow
In cycle 635: Number Overflow
In cycle 640: Number Overflow
In cycle 643: Number Overflow
In cycle 645: Number Overflow
In cycle 646: Number Overflow
In cycle 649: Overwrite HI-LO registers
In cycle 650: Overwrite HI-LO registers
In cycle 651: Overwrite HI-LO registers
In cycle 652: Overwrite HI-LO registers
In cycle 653: Overwrite HI-LO registers
In cycle 654: Overwrite HI-LO registers
In cycle 655: Overwrite HI-LO registers
In cycle 656: Overwrite HI-LO registers
In cycle 657: Overwrite HI-LO registers
In cycle 662: Number Overflow
In cycle 663: Number Overflow
In cycle 668: Number Overflow
In cycle 669: Number Overflow
In cycle 676: Write $0 Error
In cycle 676: Number Overflow
In cycle 677: Write $0 Error
In cycle 678: Write $0 Error
In cycle 679: Write $0 Error
In cycle 680: Write $0 Error
In cycle 681: Write $0 Error
In cycle 682: Write $0 Error
In cycle 683: Write $0 Error
In cycle 684: Write $0 Error
In cycle 685: Write $0 Error
In cycle 686: Write $0 Error
In cycle 687: Write $0 Error
In cycle 688: Write $0 Error
In cycle 689: Write $0 Error
In cycle 691: Overwrite HI-LO registers
In cycle 692: Write $0 Error
In cycle 693: Write $0 Error
In cycle 695: Write $0 Error
In cycle 696: Write $0 Error
In cycle 697: Write $0 Error
In cycle 698: Write $0 Error
In cycle 699: Write $0 Error
In cycle 700: Write $0 Error
In cycle 701: Write $0 Error
In cycle 702: Write $0 Error
In cycle 703: Write $0 Error
In cycle 704: Write $0 Error
In cycle 705: Write $0 Error
In cycle 706: Write $0 Error
In cycle 707: Write $0 Error
In cycle 708: Write $0 Error
