In cycle 1: Write $0 Error
In cycle 2: Write $0 Error
In cycle 3: Write $0 Error
In cycle 4: Write $0 Error
In cycle 5: Write $0 Error
In cycle 6: Write $0 Error
In cycle 7: Write $0 Error
In cycle 8: Write $0 Error
In cycle 9: Write $0 Error
In cycle 11: Write $0 Error
In cycle 12: Write $0 Error
In cycle 13: Write $0 Error
In cycle 14: Write $0 Error
In cycle 15: Write $0 Error
In cycle 16: Write $0 Error
In cycle 17: Write $0 Error
In cycle 18: Write $0 Error
In cycle 19: Write $0 Error
In cycle 20: Write $0 Error
In cycle 21: Write $0 Error
In cycle 22: Write $0 Error
In cycle 23: Write $0 Error
In cycle 24: Write $0 Error
In cycle 25: Write $0 Error
In cycle 26: Write $0 Error
In cycle 27: Write $0 Error
In cycle 54: Number Overflow
In cycle 55: Number Overflow
In cycle 56: Number Overflow
In cycle 58: Number Overflow
In cycle 60: Number Overflow
In cycle 62: Number Overflow
In cycle 66: Write $0 Error
In cycle 68: Write $0 Error
In cycle 70: Write $0 Error
In cycle 72: Write $0 Error
In cycle 74: Overwrite HI-LO registers
