In cycle 79: Number Overflow
In cycle 81: Number Overflow
In cycle 83: Number Overflow
In cycle 92: Number Overflow
In cycle 95: Number Overflow
In cycle 98: Number Overflow
In cycle 100: Number Overflow
In cycle 101: Number Overflow
In cycle 103: Write $0 Error
In cycle 130: Write $0 Error
In cycle 131: Write $0 Error
In cycle 132: Write $0 Error
In cycle 133: Write $0 Error
In cycle 134: Write $0 Error
In cycle 135: Write $0 Error
In cycle 136: Write $0 Error
In cycle 137: Write $0 Error
In cycle 138: Write $0 Error
In cycle 139: Write $0 Error
In cycle 140: Write $0 Error
In cycle 142: Overwrite HI-LO registers
In cycle 143: Write $0 Error
In cycle 145: Write $0 Error
In cycle 146: Write $0 Error
In cycle 147: Write $0 Error
In cycle 148: Write $0 Error
In cycle 149: Write $0 Error
In cycle 150: Write $0 Error
In cycle 151: Write $0 Error
In cycle 152: Write $0 Error
In cycle 153: Write $0 Error
In cycle 154: Write $0 Error
In cycle 155: Write $0 Error
In cycle 156: Write $0 Error
In cycle 166: Number Overflow
In cycle 166: Address Overflow
In cycle 166: Misalignment Error
