In cycle 385065: Write $0 Error
In cycle 385066: Write $0 Error
In cycle 385067: Write $0 Error
In cycle 385068: Write $0 Error
In cycle 385069: Write $0 Error
In cycle 385070: Write $0 Error
In cycle 385071: Write $0 Error
In cycle 385072: Write $0 Error
In cycle 385073: Write $0 Error
In cycle 385074: Write $0 Error
In cycle 385075: Write $0 Error
In cycle 385076: Write $0 Error
In cycle 385077: Write $0 Error
In cycle 385077: Number Overflow
In cycle 385078: Write $0 Error
In cycle 385080: Write $0 Error
In cycle 385081: Write $0 Error
In cycle 385082: Write $0 Error
In cycle 385083: Write $0 Error
In cycle 385084: Write $0 Error
In cycle 385085: Write $0 Error
In cycle 385086: Write $0 Error
In cycle 385087: Write $0 Error
In cycle 385088: Write $0 Error
In cycle 385089: Write $0 Error
In cycle 385093: Number Overflow
In cycle 385095: Number Overflow
In cycle 385106: Overwrite HI-LO registers
In cycle 385109: Overwrite HI-LO registers
In cycle 385111: Write $0 Error
In cycle 385111: Address Overflow
In cycle 385111: Misalignment Error
